============================= test session starts =============================
platform win32 -- Python 3.13.5, pytest-9.0.1, pluggy-1.5.0 -- C:\Users\ebrah\miniconda3\python.exe
cachedir: .pytest_cache
rootdir: C:\Users\ebrah\.gemini\antigravity\playground\drifting-magnetosphere
plugins: anyio-4.11.0
collecting ... collected 0 items / 1 error

=================================== ERRORS ====================================
________________________ ERROR collecting test_main.py ________________________
test_main.py:6: in <module>
    client = TestClient(app)
             ^^^^^^^^^^^^^^^
..\..\..\..\miniconda3\Lib\site-packages\starlette\testclient.py:402: in __init__
    super().__init__(
E   TypeError: Client.__init__() got an unexpected keyword argument 'app'
============================== warnings summary ===============================
main.py:12
  C:\Users\ebrah\.gemini\antigravity\playground\drifting-magnetosphere\main.py:12: DeprecationWarning: 
          on_event is deprecated, use lifespan event handlers instead.
  
          Read more about it in the
          [FastAPI docs for Lifespan Events](https://fastapi.tiangolo.com/advanced/events/).
          
    @app.on_event("startup")

..\..\..\..\miniconda3\Lib\site-packages\fastapi\applications.py:4495
  C:\Users\ebrah\miniconda3\Lib\site-packages\fastapi\applications.py:4495: DeprecationWarning: 
          on_event is deprecated, use lifespan event handlers instead.
  
          Read more about it in the
          [FastAPI docs for Lifespan Events](https://fastapi.tiangolo.com/advanced/events/).
          
    return self.router.on_event(event_type)

-- Docs: https://docs.pytest.org/en/stable/how-to/capture-warnings.html
=========================== short test summary info ===========================
ERROR test_main.py - TypeError: Client.__init__() got an unexpected keyword argument 'app'
!!!!!!!!!!!!!!!!!!! Interrupted: 1 error during collection !!!!!!!!!!!!!!!!!!!!
======================== 2 warnings, 1 error in 1.80s =========================
